Drill report for CC1101_Multx.kicad_pcb
Created on 2026-07-04T14:53:48

Copper Layer Stackup:
    =============================================================
    L1 :  F.Cu                      front
    L2 :  In1.Cu                    in1
    L3 :  In2.Cu                    in2
    L4 :  B.Cu                      back


Drill file 'CC1101_Multx-PTH-drl.gbr' contains
    plated through holes:
    =============================================================
    T1  0.300mm  0.0118"  (154 holes))
    T2  0.460mm  0.0181"  (2 holes))
    T3  1.000mm  0.0394"  (9 holes))
    T4  1.100mm  0.0433"  (2 holes))

    Total plated holes count 167


Drill file 'CC1101_Multx-NPTH-drl.gbr' contains
    unplated through holes:
    =============================================================
    T1  1.100mm  0.0433"  (2 holes))
    T2  2.200mm  0.0866"  (4 holes))

    Total unplated holes count 6
